// Jest Snapshot v1, https://goo.gl/fbAQLP

exports[`App Renders as expected 1`] = `
<div
  className="App"
>
  <div
    className="show-user-id"
  >
    User ID: 
     (
    )
  </div>
  <div
    className="navbar"
  >
    <ul
      className="navbar-links"
    >
      <a
        className="item"
        href="/"
        onClick={[Function]}
      >
        View Books
      </a>
      <a
        className="item"
        href="/favourite-books"
        onClick={[Function]}
      >
        Favourite Books
      </a>
      <a
        className="item"
        href="/order-books"
        onClick={[Function]}
      >
        Order Books
      </a>
      <a
        className="item"
        href="/register-book"
        onClick={[Function]}
      >
        Register Book
      </a>
      <li
        className="navbar-links-item signin-button"
      >
        <a
          className="MuiButtonBase-root MuiButton-root MuiButton-outlined MuiButton-outlinedPrimary MuiButton-sizeSmall MuiButton-outlinedSizeSmall MuiButton-root MuiButton-outlined MuiButton-outlinedPrimary MuiButton-sizeSmall MuiButton-outlinedSizeSmall item css-1k23hlb-MuiButtonBase-root-MuiButton-root"
          href="/signin"
          onBlur={[Function]}
          onClick={[Function]}
          onContextMenu={[Function]}
          onDragLeave={[Function]}
          onFocus={[Function]}
          onKeyDown={[Function]}
          onKeyUp={[Function]}
          onMouseDown={[Function]}
          onMouseLeave={[Function]}
          onMouseUp={[Function]}
          onTouchEnd={[Function]}
          onTouchMove={[Function]}
          onTouchStart={[Function]}
          tabIndex={0}
        >
          Sign in
        </a>
      </li>
    </ul>
  </div>
  <div
    className="view-books"
  >
    <div
      className="column left"
    >
      <div
        className="side-bar"
      >
        <form
          className="search-form"
          onSubmit={[Function]}
        >
          <div
            className="MuiInputBase-root MuiInput-root MuiInput-underline MuiInputBase-colorPrimary css-q0jhri-MuiInputBase-root-MuiInput-root"
            onClick={[Function]}
          >
            <input
              className="MuiInputBase-input MuiInput-input css-1x51dt5-MuiInputBase-input-MuiInput-input"
              id="searchText"
              name="searchText"
              onAnimationStart={[Function]}
              onBlur={[Function]}
              onChange={[Function]}
              onFocus={[Function]}
              placeholder="Search by title"
              type="text"
              value=""
            />
          </div>
          <button
            className="MuiButtonBase-root MuiButton-root MuiButton-outlined MuiButton-outlinedPrimary MuiButton-sizeSmall MuiButton-outlinedSizeSmall MuiButton-root MuiButton-outlined MuiButton-outlinedPrimary MuiButton-sizeSmall MuiButton-outlinedSizeSmall css-1k23hlb-MuiButtonBase-root-MuiButton-root"
            disabled={false}
            onBlur={[Function]}
            onContextMenu={[Function]}
            onDragLeave={[Function]}
            onFocus={[Function]}
            onKeyDown={[Function]}
            onKeyUp={[Function]}
            onMouseDown={[Function]}
            onMouseLeave={[Function]}
            onMouseUp={[Function]}
            onTouchEnd={[Function]}
            onTouchMove={[Function]}
            onTouchStart={[Function]}
            tabIndex={0}
            type="submit"
          >
            Search
          </button>
        </form>
        <ul
          className="sortGroup"
        >
          <a
            className="item"
            href="/?sort={\\"title\\":1}"
            onClick={[Function]}
          >
            Title Ascending
          </a>
          <a
            className="item"
            href="/?sort={\\"title\\":-1}"
            onClick={[Function]}
          >
            Title Descending
          </a>
          <a
            className="item"
            href="/?sort={\\"author\\":1}"
            onClick={[Function]}
          >
            Author Ascending
          </a>
          <a
            className="item"
            href="/?sort={\\"author\\":-1}"
            onClick={[Function]}
          >
            Author Descending
          </a>
          <a
            className="item"
            href="/?sort={\\"releaseDate\\":1}"
            onClick={[Function]}
          >
            Release Date Ascending
          </a>
          <a
            className="item"
            href="/?sort={\\"releaseDate\\":-1}"
            onClick={[Function]}
          >
            Release Date Descending
          </a>
        </ul>
      </div>
    </div>
    <div
      className="column right"
    />
  </div>
</div>
`;
