// Jest Snapshot v1, https://goo.gl/fbAQLP

exports[`App Renders as expected 1`] = `
<div
  className="App"
>
  <h1>
    Floating Books UI
  </h1>
  <div
    className="show-user-id"
  >
    User ID: 
     (
    )
  </div>
  <div
    className="navbar"
  >
    <ul
      className="navbar-links"
    >
      <li
        className="navbar-links-item"
      >
        <a
          className="item"
          href="/"
          onClick={[Function]}
        >
          View Books
        </a>
      </li>
      <li
        className="navbar-links-item"
      >
        <a
          className="item"
          href="/favourite-books"
          onClick={[Function]}
        >
          Favourite Books
        </a>
      </li>
      <li
        className="navbar-links-item"
      >
        <a
          className="item"
          href="/order-books"
          onClick={[Function]}
        >
          Order Books
        </a>
      </li>
      <li
        className="navbar-links-item"
      >
        <a
          className="item"
          href="/register-book"
          onClick={[Function]}
        >
          Register a Book
        </a>
      </li>
      <li
        className="navbar-links-item signin-button"
      >
        <a
          className="item"
          href="/signin"
          onClick={[Function]}
        >
          Sign in
        </a>
      </li>
    </ul>
  </div>
  <div
    className="view-books"
  >
    <div
      className="column left"
    >
      <div
        className="side-bar"
      >
        <form
          className="search-form"
          onSubmit={[Function]}
        >
          <input
            id="searchText"
            name="searchText"
            onChange={[Function]}
            placeholder="Search by title"
            type="text"
            value=""
          />
          <button
            type="submit"
          >
            <svg
              fill="currentColor"
              height="1em"
              stroke="currentColor"
              strokeWidth="0"
              style={
                Object {
                  "color": undefined,
                }
              }
              viewBox="0 0 1024 1024"
              width="1em"
              xmlns="http://www.w3.org/2000/svg"
            >
              <path
                d="M1014.64 969.04L703.71 656.207c57.952-69.408 92.88-158.704 92.88-256.208 0-220.912-179.088-400-400-400s-400 179.088-400 400 179.088 400 400 400c100.368 0 192.048-37.056 262.288-98.144l310.496 312.448c12.496 12.497 32.769 12.497 45.265 0 12.48-12.496 12.48-32.752 0-45.263zM396.59 736.527c-185.856 0-336.528-150.672-336.528-336.528S210.734 63.471 396.59 63.471c185.856 0 336.528 150.672 336.528 336.528S582.446 736.527 396.59 736.527z"
              />
            </svg>
          </button>
        </form>
      </div>
    </div>
    <div
      className="column right"
    />
  </div>
</div>
`;
